<html>
<body>
<pre>
<h1>µVision Build Log</h1>
<h2>Tool Versions:</h2>
IDE-Version: µVision V5.40.0.0
Copyright (C) 2024 ARM Ltd and ARM Germany GmbH. All rights reserved.
License Information: Paul TESSON
TESSON
User-based license: Keil MDK Community (non-commercial free of charge)
Valid until: Jun 1 2033. Cached until: Nov 15 2024
 
Tool Versions:
Toolchain:       Keil MDK Community (non-commercial free of charge  Version: 5.40.0.3
Toolchain Path:  C:\Users\pault\AppData\Local\Keil_v5\ARM\ARMCLANG\Bin
C Compiler:      ArmClang.exe V6.22
Assembler:       Armasm.exe V6.22
Linker/Locator:  ArmLink.exe V6.22
Library Manager: ArmAr.exe V6.22
Hex Converter:   FromElf.exe V6.22
CPU DLL:         SARMCM3.DLL V5.40.0.3
Dialog DLL:      DCM.DLL V1.17.5.0
Target DLL:      UL2CM3.DLL V1.164.11.0
Dialog DLL:      TCM.DLL V1.56.4.0
 
<h2>Project:</h2>
C:\Users\pault\Documents\SMART_WAKE_UP_UV\SMART_WAKE_UP_UV.uvprojx
Project File Date:  11/08/2024

<h2>Output:</h2>
*** Using Compiler 'V6.22', folder: 'C:\Users\pault\AppData\Local\Keil_v5\ARM\ARMCLANG\Bin'
Build target 'Target 1'
Note: source file 'RTE/Device/STM32F767ZITx/system_stm32f7xx.c' - object file renamed from '.\Objects\system_stm32f7xx.o' to '.\Objects\system_stm32f7xx_1.o'.
compiling ds3231.c...
compiling gpio.c...
compiling urm37.c...
compiling buttons.c...
compiling tim.c...
compiling usart.c...
compiling servo.c...
compiling sh1106.c...
compiling st7920.c...
linking...
Program Size: Code=16264 RO-data=14664 RW-data=92 ZI-data=2740  
".\Objects\SMART_WAKE_UP_UV.axf" - 0 Error(s), 0 Warning(s).

<h2>Software Packages used:</h2>

Package Vendor: ARM
                https://www.keil.com/pack/ARM.CMSIS.6.1.0.pack
                ARM::CMSIS@6.1.0
                CMSIS (Common Microcontroller Software Interface Standard)
   * Component: CORE Version: 6.1.0

Package Vendor: Keil
                https://www.keil.com/pack/Keil.STM32F7xx_DFP.2.16.0.pack
                Keil::STM32F7xx_DFP@2.16.0
                STMicroelectronics STM32F7 Series Device Support, Drivers and Examples
   * Component: Startup Version: 1.2.5

<h2>Collection of Component include folders:</h2>
  ./RTE/_Target_1
  C:/Users/pault/AppData/Local/Arm/Packs/ARM/CMSIS/6.1.0/CMSIS/Core/Include
  C:/Users/pault/AppData/Local/Arm/Packs/Keil/STM32F7xx_DFP/2.16.0/Drivers/CMSIS/Device/ST/STM32F7xx/Include

<h2>Collection of Component Files used:</h2>

   * Component: ARM::CMSIS:CORE@6.1.0

   * Component: Keil::Device:Startup@1.2.5
      Source file:   MDK/Device/Source/ARM/STM32F76x_77x_OPT.s
      Source file:   MDK/Device/Source/ARM/STM32F76x_77x_OTP.s
      Include file:  Drivers/CMSIS/Device/ST/STM32F7xx/Include/stm32f7xx.h
      Source file:   Drivers/CMSIS/Device/ST/STM32F7xx/Source/Templates/arm/startup_stm32f767xx.s
      Source file:   Drivers/CMSIS/Device/ST/STM32F7xx/Source/Templates/system_stm32f7xx.c
Build Time Elapsed:  00:00:01
</pre>
</body>
</html>
